nohup: ignoring input
╔══════════════════════════════════════════════════════════════╗
║         SEQUENTIAL ACTIVE LEARNING EXPERIMENTS               ║
║  Step 1: CIFAR-10 (4 strategies on GPUs 0-3 in parallel)     ║
║  Step 2: CIFAR-100 (4 strategies on GPUs 0-3 in parallel)    ║
╚══════════════════════════════════════════════════════════════╝

━━━━━━━━━━━━━━━━━━━━━━━━━━━━━━━━━━━━━━━━━━━━━━━━━━━━━━━━━━━━
🚀 STEP 1/2: Starting CIFAR-10 experiments (4 GPUs parallel)...
━━━━━━━━━━━━━━━━━━━━━━━━━━━━━━━━━━━━━━━━━━━━━━━━━━━━━━━━━━━━

  GPU 0: Random Sampling
  GPU 1: Greedy K-Center
  GPU 2: Leader Clustering
  GPU 3: Advanced Leader (with ADAPTIVE thresholds)

✅ CIFAR-10 experiments launched:
   Random (GPU 0): PID 3670463
   Greedy (GPU 1): PID 3670464
   Leader (GPU 2): PID 3670465
   Advanced (GPU 3): PID 3670466

⏳ Waiting for all CIFAR-10 experiments to complete...
   Monitor: tail -f logs_cifar10/advanced.log

   ✓ Random completed
   ✓ Greedy completed
   ✓ Leader completed
   ✓ Advanced completed

━━━━━━━━━━━━━━━━━━━━━━━━━━━━━━━━━━━━━━━━━━━━━━━━━━━━━━━━━━━━
✅ CIFAR-10 COMPLETE! All 4 strategies finished.
━━━━━━━━━━━━━━━━━━━━━━━━━━━━━━━━━━━━━━━━━━━━━━━━━━━━━━━━━━━━

━━━━━━━━━━━━━━━━━━━━━━━━━━━━━━━━━━━━━━━━━━━━━━━━━━━━━━━━━━━━
🚀 STEP 2/2: Starting CIFAR-100 experiments (4 GPUs parallel)...
━━━━━━━━━━━━━━━━━━━━━━━━━━━━━━━━━━━━━━━━━━━━━━━━━━━━━━━━━━━━

  GPU 0: Random Sampling
  GPU 1: Greedy K-Center
  GPU 2: Leader Clustering
  GPU 3: Advanced Leader (with ADAPTIVE thresholds)

✅ CIFAR-100 experiments launched:
   Random (GPU 0): PID 3720188
   Greedy (GPU 1): PID 3720189
   Leader (GPU 2): PID 3720190
   Advanced (GPU 3): PID 3720191

⏳ Waiting for all CIFAR-100 experiments to complete...
   Monitor: tail -f logs_cifar100/advanced.log

   ✓ Random completed
   ✓ Greedy completed
   ✓ Leader completed
   ✓ Advanced completed

━━━━━━━━━━━━━━━━━━━━━━━━━━━━━━━━━━━━━━━━━━━━━━━━━━━━━━━━━━━━
🎉 ALL EXPERIMENTS COMPLETE!
━━━━━━━━━━━━━━━━━━━━━━━━━━━━━━━━━━━━━━━━━━━━━━━━━━━━━━━━━━━━

📊 Results saved in:
   CIFAR-10:  cifar10_results/
   CIFAR-100: cifar100_results/

📈 View results: python3 visualize_results.py

